[transformers] `torch_dtype` is deprecated! Use `dtype` instead!
Loading weights:   0%|          | 0/290 [00:00<?, ?it/s]Loading weights: 100%|##########| 290/290 [00:00<00:00, 11104.35it/s]
<local>/model-training\.venv\Lib\site-packages\torch\nn\modules\module.py:1369: UserWarning: expandable_segments not supported on this platform (Triggered internally at C:\actions-runner\_work\pytorch\pytorch\c10/cuda/CUDAAllocatorConfig.h:40.)
  return t.to(
extra real pairs: 120 x 5
W0913 02:56:25.676000 41116 Lib\site-packages\torch\utils\flop_counter.py:29] triton not found; flop counting will not work for triton kernels
trainable params: 8,798,208 || all params: 502,830,976 || trainable%: 1.7497
pairs 20150  steps 2520
step 25/2520 loss 0.3156 ema 1.7193 19s
step 50/2520 loss 0.3424 ema 0.5456 36s
step 75/2520 loss 0.1436 ema 0.2489 55s
step 100/2520 loss 0.0343 ema 0.1633 74s
step 125/2520 loss 0.6941 ema 0.1825 97s
step 150/2520 loss 0.2592 ema 0.1068 119s
step 175/2520 loss 0.0018 ema 0.0915 137s
step 200/2520 loss 0.0032 ema 0.0913 155s
step 225/2520 loss 0.0047 ema 0.0368 174s
step 250/2520 loss 0.1466 ema 0.0849 192s
step 275/2520 loss 0.0407 ema 0.0569 210s
step 300/2520 loss 0.0047 ema 0.0502 230s
step 325/2520 loss 0.1313 ema 0.0331 249s
step 350/2520 loss 0.0707 ema 0.0297 268s
step 375/2520 loss 0.0076 ema 0.0214 287s
step 400/2520 loss 0.0010 ema 0.0118 305s
step 425/2520 loss 0.0100 ema 0.0163 325s
step 450/2520 loss 0.0032 ema 0.0148 344s
step 475/2520 loss 0.0035 ema 0.0076 363s
step 500/2520 loss 0.0042 ema 0.0575 382s
step 525/2520 loss 0.0902 ema 0.0303 400s
step 550/2520 loss 0.0004 ema 0.0128 417s
step 575/2520 loss 0.0029 ema 0.0058 435s
step 600/2520 loss 0.0010 ema 0.0129 452s
step 625/2520 loss 0.0008 ema 0.0133 470s
step 650/2520 loss 0.0002 ema 0.0073 489s
step 675/2520 loss 0.0002 ema 0.0034 508s
step 700/2520 loss 0.0006 ema 0.0135 526s
step 725/2520 loss 0.0004 ema 0.0396 544s
step 750/2520 loss 0.0015 ema 0.0407 562s
step 775/2520 loss 0.0001 ema 0.0118 580s
step 800/2520 loss 0.0473 ema 0.0080 599s
step 825/2520 loss 0.0001 ema 0.0025 618s
step 850/2520 loss 0.0002 ema 0.0040 636s
step 875/2520 loss 0.0397 ema 0.0072 655s
step 900/2520 loss 0.0006 ema 0.0063 672s
step 925/2520 loss 0.0004 ema 0.0336 690s
step 950/2520 loss 0.0019 ema 0.0044 708s
step 975/2520 loss 0.0002 ema 0.0019 726s
step 1000/2520 loss 0.0002 ema 0.0044 745s
step 1025/2520 loss 0.0005 ema 0.0011 765s
step 1050/2520 loss 0.0002 ema 0.0028 785s
step 1075/2520 loss 0.0118 ema 0.0053 803s
step 1100/2520 loss 0.0001 ema 0.0086 822s
step 1125/2520 loss 0.0002 ema 0.0058 842s
step 1150/2520 loss 0.0593 ema 0.0094 859s
step 1175/2520 loss 0.0003 ema 0.0069 875s
step 1200/2520 loss 0.0002 ema 0.0359 892s
step 1225/2520 loss 0.0001 ema 0.0044 911s
step 1250/2520 loss 0.0002 ema 0.0049 930s
step 1275/2520 loss 0.0001 ema 0.0048 949s
step 1300/2520 loss 0.0000 ema 0.0015 968s
step 1325/2520 loss 0.0001 ema 0.0006 988s
step 1350/2520 loss 0.0006 ema 0.0009 1006s
step 1375/2520 loss 0.0002 ema 0.0061 1025s
step 1400/2520 loss 0.0021 ema 0.0012 1044s
step 1425/2520 loss 0.0034 ema 0.0048 1063s
step 1450/2520 loss 0.0003 ema 0.0005 1082s
step 1475/2520 loss 0.0001 ema 0.0034 1101s
step 1500/2520 loss 0.0001 ema 0.0054 1120s
step 1525/2520 loss 0.0003 ema 0.0007 1139s
step 1550/2520 loss 0.0001 ema 0.0017 1158s
step 1575/2520 loss 0.0002 ema 0.0008 1178s
step 1600/2520 loss 0.0001 ema 0.0012 1196s
step 1625/2520 loss 0.0001 ema 0.0059 1215s
step 1650/2520 loss 0.0001 ema 0.0011 1234s
step 1675/2520 loss 0.0000 ema 0.0006 1252s
step 1700/2520 loss 0.0001 ema 0.0195 1271s
step 1725/2520 loss 0.0001 ema 0.0016 1290s
step 1750/2520 loss 0.0001 ema 0.0005 1309s
step 1775/2520 loss 0.0001 ema 0.0083 1328s
step 1800/2520 loss 0.0001 ema 0.0029 1347s
step 1825/2520 loss 0.0001 ema 0.0099 1366s
step 1850/2520 loss 0.0001 ema 0.0010 1385s
step 1875/2520 loss 0.0004 ema 0.0025 1403s
step 1900/2520 loss 0.0124 ema 0.0033 1423s
step 1925/2520 loss 0.0070 ema 0.0018 1442s
step 1950/2520 loss 0.0001 ema 0.0022 1460s
step 1975/2520 loss 0.0001 ema 0.0081 1479s
step 2000/2520 loss 0.0001 ema 0.0008 1498s
step 2025/2520 loss 0.0079 ema 0.0012 1517s
step 2050/2520 loss 0.0001 ema 0.0007 1536s
step 2075/2520 loss 0.0004 ema 0.0020 1555s
step 2100/2520 loss 0.0001 ema 0.0008 1575s
step 2125/2520 loss 0.0011 ema 0.0034 1594s
step 2150/2520 loss 0.0002 ema 0.0015 1613s
step 2175/2520 loss 0.0001 ema 0.0015 1632s
step 2200/2520 loss 0.0001 ema 0.0016 1651s
step 2225/2520 loss 0.0001 ema 0.0023 1671s
step 2250/2520 loss 0.0001 ema 0.0006 1690s
step 2275/2520 loss 0.0001 ema 0.0001 1709s
step 2300/2520 loss 0.0001 ema 0.0007 1728s
step 2325/2520 loss 0.0001 ema 0.0001 1747s
step 2350/2520 loss 0.0001 ema 0.0005 1766s
step 2375/2520 loss 0.0002 ema 0.0015 1785s
step 2400/2520 loss 0.0001 ema 0.0029 1804s
step 2425/2520 loss 0.0001 ema 0.0024 1823s
step 2450/2520 loss 0.0000 ema 0.0018 1842s
step 2475/2520 loss 0.0001 ema 0.0079 1860s
step 2500/2520 loss 0.0001 ema 0.0046 1879s
synthetic held-out exact tag match: 199/200
  doc  3 | attribute of leader of Space missions ?                    | key country of employer of Gary L. Bennett ?           | struct 1 ent 0 rel 0
  doc  4 | NA                                                         | key country of producer of Atom Egoyan ?               | struct 0 ent 0 rel 0
  doc  5 | employer of writer of Celebrity Fifteen ?                  | key employer of leader of Celebrity Fifteen to One ?   | struct 1 ent 1 rel 0
  doc  7 | NA                                                         | key NA                                                 | struct 1 ent 1 rel 1
  doc  8 | attribute of leader of The Ethics & Religious Liberty Commission ? | key attribute of Russell D. Moore ?                    | struct 0 ent 0 rel 0
  doc  9 | producer of the female member of Fitz and The Tantrums ?   | key employer of leader of Fitz and The Tantrums ?      | struct 0 ent 1 rel 0
  doc 10 | attribute of leader of Chapter II ?                        | key attribute of writer of Chapter II ?                | struct 1 ent 1 rel 0
  doc 13 | attribute of leader of US Hot 100 ?                        | key attribute of leader of Finally ?                   | struct 1 ent 0 rel 1
  doc 14 | other areas of common deer species ?                       | key home of leader of Mara and Mondrem ?               | struct 0 ent 0 rel 0
  doc 15 | home of Sara Symington ?                                   | key attribute of Sara Symington ?                      | struct 1 ent 1 rel 0
  doc 19 | leader of British-American supergroup ?                    | key leader of producer of Nobody's Child ?             | struct 0 ent 0 rel 0
  doc 20 | producer of publisher of "Whatever Happened to... Robot Jones" ? | key owner of publisher of Whatever Happened to... Robot Jones? ? | struct 1 ent 1 rel 0
  doc 21 | home of home of Kellyville Ridge ?                         | key home of home of Kellyville Ridge ?                 | struct 1 ent 1 rel 1
  doc 22 | same island ?                                              | key home of Oak Beach ?                                | struct 0 ent 0 rel 0
  doc 23 | leader of the final two episodes of season eighteen of South Park ? | key attribute of South Park ?                          | struct 1 ent 1 rel 0
  doc 24 | publisher of leader of a group of friends ?                | key employer of Robbie Tucker ?                        | struct 0 ent 0 rel 0
  doc 25 | attribute of producer of High School Confidential ?        | key attribute of home of High School Confidential ?    | struct 1 ent 1 rel 0
  doc 26 | leader of the large subunit ?                              | key attribute of large subunit and small subunit ?     | struct 1 ent 0 rel 0
  doc 27 | NA                                                         | key NA                                                 | struct 1 ent 1 rel 1
  doc 28 | attribute of leader of Afghan national park ?              | key home of Band-e-Amir Dragons ?                      | struct 0 ent 0 rel 0
  doc 30 | attribute of home of Yau Ma Tei North ?                    | key attribute of home of Yau Ma Tei North ?            | struct 1 ent 1 rel 1
  doc 31 | founder of leader of Spider9 ?                             | key employer of founder of Spider9 ?                   | struct 1 ent 1 rel 0
  doc 32 | attribute of home of transmitter of WLLZ-LP ?              | key attribute of home of WLLZ-LP ?                     | struct 1 ent 1 rel 1
  doc 33 | attribute of Charles Haughey ?                             | key attribute of Charles Haughey ?                     | struct 1 ent 1 rel 1
  doc 34 | home of Vegepet ?                                          | key home of Vegepet ?                                  | struct 1 ent 1 rel 1
  doc 35 | leader of McLaren MP4/11 ?                                 | key leader of McLaren MP4/11 [ retired ] ?             | struct 0 ent 1 rel 0
  doc 36 | producer of Rich Lee 3-D ?                                 | key producer of Rich Lee ?                             | struct 1 ent 1 rel 1
  doc 37 | composer of leader of composer of Nutcracker ?             | key leader of leader of Nutcracker ?                   | struct 0 ent 1 rel 0
  doc 38 | employer of Alfred A. Marcus ?                             | key employer of Alfred A. Marcus ?                     | struct 1 ent 1 rel 1
  doc 39 | NA                                                         | key NA                                                 | struct 1 ent 1 rel 1
real 30: {'n': 30, 'parses': 28, 'na_ok': 29, 'struct': 20, 'anchor': 20, 'relations': 11}
saved models/tagger_v4clean_0.5b  train 2031s
