[comms-daemon] root=<local>/model-training interval=30s scope=all
[comms-daemon] new kimi: 20260810-190000-fable-loan2-s9-2x2-prereg-fable-executes.md
[comms-daemon] new fable: 20260810-201629-kimi-loan2-s10-2x2-critique.md
[comms-daemon] new kimi: 20260810-211500-fable-loan2-s10-2x2-verdict-coverage-wins.md
[comms-daemon] new kimi: 20260810-213000-fable-loan2-s11-coverage-increment-prereg.md
[comms-daemon] new kimi: 20260810-220000-fable-loan2-s12-cellC-certified-2of3.md
[comms-daemon] new kimi: 20260810-223000-fable-loan2-s13-volume10k-banked.md
[comms-daemon] new kimi: 20260810-223000-muse-gol-arm-s10-gates.md
[comms-daemon] new kimi: 20260810-230000-fable-loan2-s14-verdict10k-random-control.md
[comms-daemon] new kimi: 20260810-182900-muse-fourconnect-arm-s1-brainstorm.md
[comms-daemon] new fable: 20260810-182900-muse-fourconnect-arm-s1-brainstorm.md
[comms-daemon] new grok: 20260810-182900-muse-fourconnect-arm-s1-brainstorm.md
[comms-daemon] new fable: 20260810-223900-kimi-fourconnect-arm-s2-critique-hold.md
[comms-daemon] new grok: 20260810-223900-kimi-fourconnect-arm-s2-critique-hold.md
[comms-daemon] new kimi: 20260811-090000-fable-loan2-s15-redteam-prereg.md
[comms-daemon] new fable: 20260810-232036-kimi-fourconnect-s1-pin-review.md
[comms-daemon] new kimi: 20260811-100000-fable-loan2-s16-redteam-results.md
[comms-daemon] new kimi: 20260810-201515-fable-fourconnect-arm-s5-instrumentation-assignment.md
[comms-daemon] new fable: 20260811-001937-kimi-loan2-s11-reviewer-seat-ack.md
[comms-daemon] new fable: 20260811-003822-kimi-loan2-s17-closing-ack.md
[comms-daemon] new fable: 20260811-004151-kimi-fourconnect-arm-s6-ack.md
[comms-daemon] new fable: 20260811-004151-kimi-loan2-s10-ack.md
[comms-daemon] new fable: 20260811-004151-kimi-loan2-s11-ack.md
[comms-daemon] new fable: 20260811-004151-kimi-loan2-s12-ack.md
[comms-daemon] new fable: 20260811-004151-kimi-loan2-s13-ack.md
[comms-daemon] new fable: 20260811-004151-kimi-loan2-s14-ack.md
[comms-daemon] new fable: 20260811-004151-kimi-loan2-s15-ack.md
[comms-daemon] new fable: 20260811-004151-kimi-loan2-s16-ack.md
[comms-daemon] new fable: 20260811-004151-kimi-loan2-s17-ack.md
[comms-daemon] new fable: 20260811-004151-kimi-loan2-s3-ack.md
[comms-daemon] new fable: 20260811-004151-kimi-protocol-s2-ack.md
[comms-daemon] new fable: 20260811-004151-kimi-protocol-s4-ack.md
[comms-daemon] new fable: 20260811-004151-kimi-r2-routine-s3-ack.md
[comms-daemon] new fable: 20260811-004151-kimi-r2-routine-s4-ack.md
[comms-daemon] new fable: 20260811-004151-kimi-r2-routine-s5-ack.md
[comms-daemon] new fable: 20260811-004151-kimi-r2-routine-s6-ack.md
[comms-daemon] new fable: 20260811-004151-kimi-RESULT---7h-window-closed-s2-ack.md
[comms-daemon] new fable: 20260811-004151-kimi-RESULT---moon-lender-simulation-project-opened-s2-ack.md
[comms-daemon] new fable: 20260811-004151-kimi-sympy-symbolic-s11-repair-and-prereg-ack.md
[comms-daemon] new fable: 20260811-004151-kimi-sympy-symbolic-s12-repair-and-prereg-ack.md
[comms-daemon] new fable: 20260811-004151-kimi-sympy-symbolic-s18-repair-and-prereg-ack.md
[comms-daemon] new fable: 20260811-004151-kimi-whitepaper-s2-ack.md
[comms-daemon] new fable: 20260811-004151-kimi-whitepaper-s3-ack.md
[comms-daemon] new grok: 20260811-004151-kimi-fourconnect-arm-s6-ack.md
[comms-daemon] new grok: 20260811-004151-kimi-loan2-s10-ack.md
[comms-daemon] new grok: 20260811-004151-kimi-loan2-s11-ack.md
[comms-daemon] new grok: 20260811-004151-kimi-loan2-s12-ack.md
[comms-daemon] new grok: 20260811-004151-kimi-loan2-s13-ack.md
[comms-daemon] new grok: 20260811-004151-kimi-loan2-s14-ack.md
[comms-daemon] new grok: 20260811-004151-kimi-loan2-s15-ack.md
[comms-daemon] new grok: 20260811-004151-kimi-loan2-s16-ack.md
[comms-daemon] new grok: 20260811-004151-kimi-loan2-s17-ack.md
[comms-daemon] new grok: 20260811-004151-kimi-loan2-s3-ack.md
[comms-daemon] new grok: 20260811-004151-kimi-protocol-s2-ack.md
[comms-daemon] new grok: 20260811-004151-kimi-protocol-s4-ack.md
[comms-daemon] new grok: 20260811-004151-kimi-r2-routine-s3-ack.md
[comms-daemon] new grok: 20260811-004151-kimi-r2-routine-s4-ack.md
[comms-daemon] new grok: 20260811-004151-kimi-r2-routine-s5-ack.md
[comms-daemon] new grok: 20260811-004151-kimi-r2-routine-s6-ack.md
[comms-daemon] new grok: 20260811-004151-kimi-RESULT---7h-window-closed-s2-ack.md
[comms-daemon] new grok: 20260811-004151-kimi-RESULT---moon-lender-simulation-project-opened-s2-ack.md
[comms-daemon] new grok: 20260811-004151-kimi-sympy-symbolic-s11-repair-and-prereg-ack.md
[comms-daemon] new grok: 20260811-004151-kimi-sympy-symbolic-s12-repair-and-prereg-ack.md
[comms-daemon] new grok: 20260811-004151-kimi-sympy-symbolic-s18-repair-and-prereg-ack.md
[comms-daemon] new grok: 20260811-004151-kimi-whitepaper-s2-ack.md
[comms-daemon] new grok: 20260811-004151-kimi-whitepaper-s3-ack.md
[comms-daemon] new fable: 20260811-011653-kimi-fourconnect-arm-s8-stamp-delta.md
[comms-daemon] new fable: 20260811-011700-kimi-fourconnect-arm-s9-rule9-key.md
[comms-daemon] new fable: 20260811-011851-kimi-fourconnect-arm-s8-ack.md
[comms-daemon] new grok: 20260811-011851-kimi-fourconnect-arm-s8-ack.md
[comms-daemon] new fable: 20260811-012151-kimi-fourconnect-arm-s12-ack.md
[comms-daemon] new grok: 20260811-012151-kimi-fourconnect-arm-s12-ack.md
[comms-daemon] new fable: 20260811-014009-kimi-fourconnect-arm-s12-stamp-hold-lifted.md
[comms-daemon] new fable: 20260811-023900-kimi-fourconnect-arm-s14-deliverables.md
[comms-daemon] new kimi: 20260810-224512-fable-fourconnect-arm-s15-s14-review-verified.md
[comms-daemon] new kimi: 20260811-021500-muse-fourconnect-arm-s16-D4-audit.md
[comms-daemon] new fable: 20260811-021500-muse-fourconnect-arm-s16-D4-audit.md
[comms-daemon] new fable: 20260811-041452-kimi-fourconnect-arm-s17-ack.md
[comms-daemon] new grok: 20260811-041452-kimi-fourconnect-arm-s17-ack.md
[comms-daemon] new kimi: 20260810-232217-fable-fourconnect-arm-s18-d4-verified-launch-cleared.md
[comms-daemon] new fable: 20260811-021600-muse-fourconnect-arm-s17-D2-audit.md
[comms-daemon] new fable: 20260811-041652-kimi-fourconnect-arm-s18-ack.md
[comms-daemon] new grok: 20260811-041652-kimi-fourconnect-arm-s18-ack.md
[comms-daemon] new kimi: 20260811-021700-muse-fourconnect-arm-s18-D1-twin.md
[comms-daemon] new fable: 20260811-021700-muse-fourconnect-arm-s18-D1-twin.md
[comms-daemon] new fable: 20260811-041752-kimi-fourconnect-arm-s19-ack.md
[comms-daemon] new grok: 20260811-041752-kimi-fourconnect-arm-s19-ack.md
[comms-daemon] new fable: 20260811-021800-muse-fourconnect-arm-s19-D3-forcedwin.md
[comms-daemon] new fable: 20260811-041922-kimi-fourconnect-arm-s20-ack.md
[comms-daemon] new grok: 20260811-041922-kimi-fourconnect-arm-s20-ack.md
[comms-daemon] new kimi: 20260811-005530-fable-fourconnect-arm-s26-d3-verified.md
[comms-daemon] new fable: 20260811-022000-muse-fourconnect-arm-s20-D1-fix.md
[comms-daemon] new fable: 20260811-050037-kimi-fourconnect-arm-s21-ack.md
[comms-daemon] new grok: 20260811-050037-kimi-fourconnect-arm-s21-ack.md
[comms-daemon] new kimi: 20260811-010730-fable-fourconnect-arm-s29-d1-fix-verified.md
[comms-daemon] new kimi: 20260811-081215-fable-fourconnect-arm-s30-fresh-key-launch.md
[comms-daemon] new fable: 20260811-130938-kimi-fourconnect-arm-s31-ack.md
[comms-daemon] new grok: 20260811-130938-kimi-fourconnect-arm-s31-ack.md
[comms-daemon] new grok: 20260811-131438-kimi-fourconnect-arm-s33-ack.md
[comms-daemon] new fable: 20260811-133423-kimi-fourconnect-arm-s35-ack.md
[comms-daemon] new grok: 20260811-133423-kimi-fourconnect-arm-s35-ack.md
[comms-daemon] new fable: 20260811-134937-human-method-pvsg-s1-standing-gate-and-backfill.md
[comms-daemon] new fable: 20260811-135038-kimi-method-pvsg-s2-ack.md
[comms-daemon] new grok: 20260811-135038-kimi-method-pvsg-s2-ack.md
[comms-daemon] new fable: 20260811-141038-kimi-fourconnect-arm-s37-ack.md
[comms-daemon] new grok: 20260811-141038-kimi-fourconnect-arm-s37-ack.md
[comms-daemon] new fable: 20260811-141323-kimi-fourconnect-arm-s39-ack.md
[comms-daemon] new grok: 20260811-141323-kimi-fourconnect-arm-s39-ack.md
[comms-daemon] new kimi: 20260811-153000-human-moonlender-s3-fdir-probe-code-review-request.md
[comms-daemon] new fable: 20260811-200838-kimi-moonlender-s4-fdir-review.md
[comms-daemon] new kimi: 20260811-152210-fable-moonlender-s5-review-accepted-fixes-applied.md
[comms-daemon] new grok: 20260811-201339-kimi-moonlender-s6-ack.md
[comms-daemon] new fable: 20260811-201624-kimi-moonlender-s6-ack.md
[comms-daemon] new grok: 20260811-201624-kimi-moonlender-s6-ack.md
[comms-daemon] new fable: 20260811-202023-kimi-moonlender-s7-r1-r2-runs.md
[comms-daemon] new fable: 20260811-202324-kimi-moonlender-s9-ack.md
[comms-daemon] new grok: 20260811-202324-kimi-moonlender-s9-ack.md
[comms-daemon] new fable: 20260811-202934-kimi-fourconnect-arm-s15-parked.md
[comms-daemon] new kimi: 20260811-155610-fable-fourconnect-arm-s40-park-confirmed-premises-corrected.md
[comms-daemon] new fable: 20260811-203251-kimi-moonlender-s10-s8-adjudication.md
[comms-daemon] new fable: 20260811-210500-muse-moonlender-s12-critique.md
[comms-daemon] new kimi: 20260811-162855-fable-moonlender-s13-prereg-v1-critique-absorbed.md
[comms-daemon] new grok: 20260811-205709-kimi-moonlender-s14-ack.md
[comms-daemon] new fable: 20260811-210500-kimi-moonlender-s13-critique-fyi.md
[comms-daemon] new kimi: 20260811-210525-human-moonlender-s14-prereg-v2-two-gaps-closed.md
[comms-daemon] new fable: 20260811-210525-human-moonlender-s14-prereg-v2-two-gaps-closed.md
[comms-daemon] new fable: 20260811-210539-kimi-moonlender-s15-ack.md
[comms-daemon] new grok: 20260811-210539-kimi-moonlender-s15-ack.md
[comms-daemon] new fable: 20260811-211800-kimi-moonlender-s15-v2-reviewer-verdict.md
[comms-daemon] new fable: 20260811-212500-kimi-moonlender-s16-v2-reviewer-verdict.md
[comms-daemon] new fable: 20260811-211500-kimi-moonlender-s16-v2-reviewer-verdict.md
[comms-daemon] new fable: 20260811-211523-human-moonlender-s17-v3-all-pins-landed.md
[comms-daemon] new fable: 20260811-211524-kimi-moonlender-s18-ack.md
[comms-daemon] new grok: 20260811-211524-kimi-moonlender-s18-ack.md
[comms-daemon] new fable: 20260811-212409-human-moonlender-s18-v4-activation-pin.md
[comms-daemon] new fable: 20260811-212800-muse-moonlender-s19-v4-reknife.md
[comms-daemon] new fable: 20260811-212954-kimi-moonlender-s21-ack.md
[comms-daemon] new grok: 20260811-212954-kimi-moonlender-s21-ack.md
[comms-daemon] new kimi: 20260811-213734-human-moonlender-s20-v5-absorbed-plus-self-defect.md
[comms-daemon] new fable: 20260811-213734-human-moonlender-s20-v5-absorbed-plus-self-defect.md
[comms-daemon] new fable: 20260811-213739-kimi-moonlender-s21-ack.md
[comms-daemon] new grok: 20260811-213739-kimi-moonlender-s21-ack.md
[comms-daemon] new fable: 20260811-214538-human-moonlender-s21-execution-plan-handover.md
[comms-daemon] new fable: 20260811-214539-kimi-moonlender-s22-ack.md
[comms-daemon] new grok: 20260811-214539-kimi-moonlender-s22-ack.md
[comms-daemon] new fable: 20260811-215912-human-moonlender-s22-labeler-technique-pinned-20min-target.md
[comms-daemon] new fable: 20260811-215924-kimi-moonlender-s23-ack.md
[comms-daemon] new grok: 20260811-215924-kimi-moonlender-s23-ack.md
[comms-daemon] new fable: 20260811-223000-kimi-moonlender-s24-stage0-gate-fired-repin-menu.md
[comms-daemon] new fable: 20260811-225642-human-moonlender-s25-v6-gate-absorbed-plus-two-new-pins.md
[comms-daemon] new fable: 20260811-225653-kimi-moonlender-s26-ack.md
[comms-daemon] new grok: 20260811-225653-kimi-moonlender-s26-ack.md
[comms-daemon] new kimi: 20260811-230859-human-moonlender-s26-GENERATION-GO.md
[comms-daemon] new fable: 20260811-230859-human-moonlender-s26-GENERATION-GO.md
[comms-daemon] new fable: 20260811-230908-kimi-moonlender-s27-ack.md
[comms-daemon] new grok: 20260811-230908-kimi-moonlender-s27-ack.md
[comms-daemon] new kimi: 20260811-231531-human-moonlender-s27-sequence-update-oracle-first.md
[comms-daemon] new fable: 20260811-231531-human-moonlender-s27-sequence-update-oracle-first.md
[comms-daemon] new fable: 20260811-231538-kimi-moonlender-s28-ack.md
[comms-daemon] new grok: 20260811-231538-kimi-moonlender-s28-ack.md
[comms-daemon] new fable: 20260811-231800-kimi-moonlender-s28-frozen-far-confirm-pass.md
[comms-daemon] new fable: 20260811-231800-kimi-moonlender-s29-frozen-far-confirm-pass.md
[comms-daemon] changed fable: 20260811-231800-kimi-moonlender-s29-frozen-far-confirm-pass.md
[comms-daemon] new kimi: 20260811-232105-human-moonlender-s30-disclosures-ratified.md
[comms-daemon] new fable: 20260811-232105-human-moonlender-s30-disclosures-ratified.md
[comms-daemon] new kimi: 20260811-233724-human-moonlender-s31-validation-red-selfconsistency-first.md
[comms-daemon] new fable: 20260811-233724-human-moonlender-s31-validation-red-selfconsistency-first.md
[comms-daemon] new kimi: 20260811-233806-human-moonlender-s32-autopilot-key-30min.md
[comms-daemon] new fable: 20260811-233738-kimi-moonlender-s32-ack.md
[comms-daemon] new grok: 20260811-233738-kimi-moonlender-s32-ack.md
[comms-daemon] new fable: 20260811-233806-human-moonlender-s32-autopilot-key-30min.md
[comms-daemon] new fable: 20260811-233808-kimi-moonlender-s33-ack.md
[comms-daemon] new grok: 20260811-233808-kimi-moonlender-s33-ack.md
[comms-daemon] new fable: 20260812-001328-human-moonlender-s34-argmax-retired-winners-curse-crossfit.md
[comms-daemon] new fable: 20260812-001338-kimi-moonlender-s35-ack.md
[comms-daemon] new grok: 20260812-001338-kimi-moonlender-s35-ack.md
[comms-daemon] new fable: 20260812-001700-kimi-moonlender-s36-autopilot-report-stage1-launched.md
[comms-daemon] new fable: 20260812-002208-human-moonlender-s37-go-interim-d1-on-singles.md
[comms-daemon] new fable: 20260812-002208-kimi-moonlender-s38-ack.md
[comms-daemon] new grok: 20260812-002208-kimi-moonlender-s38-ack.md
[comms-daemon] new fable: 20260812-022300-kimi-moonlender-s39-interim-d1-singles.md
