patched
compiles
doc  3 sp 0.00 chain 0.00 retr 0.00 | tag 'country of employer of Gary L. Bennett ?' | 'Mars' / 'US' / 'Jupiter' | gold 'Sun'
doc  4 sp 0.40 chain 0.40 retr 0.40 | tag 'NA' | 'on film' / 'on film' / 'on film' | gold 'erotic thriller film'
doc  5 sp 0.22 chain 0.00 retr 0.22 | tag 'publisher of Celebrity Fifteen to One ?' | 'English writer and former' / 'Channel 4' / 'English writer and former' | gold 'Parliament'
doc  7 sp 1.00 chain 1.00 retr 1.00 | tag 'NA' | 'Pleiospilos' / 'Pleiospilos' / 'Pleiospilos' | gold 'Pleiospilos'
doc  8 sp 1.00 chain 0.00 retr 1.00 | tag 'attribute of employer of Russell D. Moor' | '2013' / '14' / '2013' | gold '2013'
doc  9 sp 0.00 chain 0.00 retr 0.00 | tag 'producer of the female member of Fitz an' | 'Fitz and The Tantrums' / "Pickin' Up the Pieces" / 'Fitz and The Tantrums' | gold 'The Rebirth'
doc 10 sp 1.00 chain 0.00 retr 1.00 | tag 'attribute of the American singer, songwr' | 'October 13, 1980' / '326,000' / 'October 13, 1980' | gold 'October 13, 1980'
doc 13 sp 1.00 chain 0.00 retr 1.00 | tag 'attribute of publisher of attribute of U' | 'number five' / 'Finally (CeCe Peniston al' / 'number five' | gold 'number five'
doc 14 sp 0.00 chain 0.00 retr 0.00 | tag 'other home of shared deer species ?' | 'Cheshire, England' / 'Cheshire, England' / 'Cheshire, England' | gold 'New Zealand, Canada, the '
doc 15 sp 0.57 chain 0.00 retr 0.57 | tag 'attribute of leader of Sara Symington ?' | '2000 Summer Olympics' / 'rank 1' / '2000 Summer Olympics' | gold '2000 Summer Olympic Games'
doc 19 sp 0.00 chain 0.00 retr 0.67 | tag 'leader of a British-American publisher o' | 'Sarah Polley' / 'George Harrison' / 'Dylan' | gold 'Bob Dylan'
doc 20 sp 0.00 chain 0.40 retr 0.40 | tag 'publisher of publisher of "Whatever Happ' | 'CBS Block Party' / 'Cartoon Network' / 'Cartoon Cartoons' | gold 'Cartoon Cartoon Fridays'
doc 21 sp 0.00 chain 0.00 retr 0.00 | tag 'home of home of Kellyville Ridge ?' | 'City of Blacktown' / 'City of Blacktown' / 'City of Blacktown' | gold 'on the Cumberland Plain'
doc 22 sp 0.40 chain 0.00 retr 0.40 | tag 'home of Oak Beach ?' | 'Jones Beach Island' / '40°38′21″N 73°17′35″W' / 'Jones Beach Island' | gold 'Long Island'
doc 23 sp 1.00 chain 0.00 retr 1.00 | tag 'leader of the final two episodes of seas' | 'PewDiePie' / 'Tebby' / 'PewDiePie' | gold 'PewDiePie'
doc 24 sp 1.00 chain 0.75 retr 1.00 | tag 'publisher of Robbie Tucker ?' | "It's Always Sunny in Phil" / 'CBS, Tuck Everlasting, Fl' / "It's Always Sunny in Phil" | gold "It's Always Sunny in Phil"
doc 25 sp 0.00 chain 0.00 retr 0.00 | tag 'publisher of High School Confidential ?' | 'Lake Brantley High School' / 'WE TV' / 'Blue Valley West High Sch' | gold '#364'
doc 26 sp 0.00 chain 0.00 retr 0.00 | tag 'major component of the large subunit and' | 'ribosome' / 'ribosome' / 'ribosome' | gold 'Ribosomes'
doc 27 sp 0.00 chain 0.00 retr 0.00 | tag 'NA' | 'Pistacia' / 'Pistacia' / 'Pistacia' | gold 'Dracula'
doc 28 sp 1.00 chain 0.00 retr 1.00 | tag 'publisher of Band-e-Amir Dragons ?' | 'Band-e-Amir National Park' / 'Afghanistan Premier Leagu' / 'Band-e Amir National Park' | gold 'Band-e Amir National Park'
doc 30 sp 0.00 chain 0.00 retr 0.00 | tag 'attribute of Yau Ma Tei North ?' | '12,817' / '12,817' / '12,817' | gold '7.2 million'
doc 31 sp 0.00 chain 0.00 retr 0.00 | tag 'employer of founder of Spider9 ?' | 'Copterline Oy' / 'Spider9 Inc.' / 'Spider9 was founded in 20' | gold 'A123 Systems, LLC'
doc 32 sp 0.00 chain 0.00 retr 0.00 | tag 'attribute of home of publisher of WLLZ-L' | 'White House, Tennessee' / '12' / 'Traverse City' | gold '143,372'
doc 33 sp 0.50 chain 0.00 retr 0.50 | tag 'attribute of Charles Haughey ?' | 'Taoiseach' / '44' / 'Taoiseach' | gold 'Taoiseach of Ireland'
doc 34 sp 0.00 chain 0.00 retr 0.00 | tag 'home of Vegepet ?' | 'None of the provided pass' / 'Vegepet is not mentioned ' / 'None of the provided pass' | gold 'Troy, Montana'
doc 35 sp 1.00 chain 1.00 retr 1.00 | tag 'leader of McLaren MP4/11 ?' | 'Mika Häkkinen' / 'Mika Häkkinen' / 'Mika Häkkinen' | gold 'Mika Häkkinen'
doc 36 sp 1.00 chain 0.00 retr 1.00 | tag 'director of producer of Rich Lee ?' | 'Constantine' / 'Rich Lee' / 'Constantine' | gold 'Constantine'
doc 37 sp 0.00 chain 0.00 retr 0.00 | tag 'leader of leader of leader of Nutcracker' | 'Darci Kistler' / 'Marius Petipa' / 'Darci Kistler' | gold 'George Balanchine'
doc 38 sp 0.00 chain 0.00 retr 0.00 | tag 'employer of Alfred A. Marcus ?' | 'North American Light and ' / 'University of Minnesota' / 'Southern Company' | gold 'Xcel Energy Inc.'
doc 39 sp 0.00 chain 0.00 retr 0.00 | tag 'NA' | 'Around the World in 80 Da' / 'Around the World in 80 Da' / 'Around the World in 80 Da' | gold 'Summer Magic'
 "f1_sp": 0.3697883597883598,
 "f1_chain": 0.11833333333333333,
 "f1_retrieval": 0.40534391534391534,
 "n": 30,
 "oracle_union": 0.40534391534391534,
 "chain_wins": 1,
 "chain_losses": 11,
 "retr_wins": 2,
 "retr_losses": 0

[exited with code 0]
